// Jest Snapshot v1, https://goo.gl/fbAQLP

exports[`should take a snapshot of Search Component 1`] = `
<DocumentFragment>
  <div
    class="text-left p-4"
  >
    <h2
      class="mb-4"
    >
      Login
    </h2>
    <form
      class=""
    >
      <div
        class="form-group"
      >
        <label
          class="form-label"
          for="email"
        >
          Email
        </label>
        <input
          class="form-control"
          id="email"
          name="email"
          placeholder="email"
          type="text"
        />
      </div>
      <div
        class="form-group"
      >
        <label
          class="form-label"
          for="password"
        >
          Password
        </label>
        <input
          class="form-control"
          id="password"
          name="password"
          placeholder="Password"
          type="password"
        />
      </div>
      <button
        class="btn btn-primary"
        style="width: 100%;"
        type="submit"
      >
        Login
      </button>
    </form>
  </div>
</DocumentFragment>
`;
